TYPES:

/type/byte/bytes/00000001/byte/byte///0/

/type/record/records/00000000/record/record///0/

/type/box/boxes/00000010/record/record///0/
/variable/field/no/left coord/left/coord/coord/00000000/no/1/no////
/variable/field/no/top coord/top/coord/coord/00000004/no/1/no////
/variable/field/no/right coord/right/coord/coord/00000008/no/1/no////
/variable/field/no/bottom coord/bottom/coord/coord/0000000C/no/1/no////
/variable/field/no/left-top spot/left-top/spot/spot/00000000/no/1/no/left///
/variable/field/no/right-bottom spot/right-bottom/spot/spot/00000008/no/1/no/right///
/variable/field/no/top-left spot/top-left/spot/spot/00000000/no/1/no/left///
/variable/field/no/bottom-right spot/bottom-right/spot/spot/00000008/no/1/no/right///

/type/coord/coords/00000004/twips/twip///0/
/variable//no/first byte/first/byte/byte/00000000/no/1/no////
/variable//no/second byte/second/byte/byte/00000001/no/1/no////
/variable//no/third byte/third/byte/byte/00000002/no/1/no////
/variable//no/fourth byte/fourth/byte/byte/00000003/no/1/no////

/type/number/numbers/00000004/record/record///0/
/variable/field/no/first byte/first/byte/byte/00000000/no/1/no////
/variable/field/no/second byte/second/byte/byte/00000001/no/1/no////
/variable/field/no/third byte/third/byte/byte/00000002/no/1/no////
/variable/field/no/fourth byte/fourth/byte/byte/00000003/no/1/no////

/type/twip/twips/00000004/number/number///0/
/variable//no/first byte/first/byte/byte/00000000/no/1/no////
/variable//no/second byte/second/byte/byte/00000001/no/1/no////
/variable//no/third byte/third/byte/byte/00000002/no/1/no////
/variable//no/fourth byte/fourth/byte/byte/00000003/no/1/no////

/type/pair/pairs/00000008/record/record///0/
/variable/field/no/x number/x/number/number/00000000/no/1/no////
/variable/field/no/y number/y/number/number/00000004/no/1/no////

/type/spot/spots/00000008/pair/pair///0/
/variable/field/no/x coord/x/coord/coord/00000000/no/1/no////
/variable/field/no/y coord/y/coord/coord/00000004/no/1/no////

GLOBALS:

LITERALS:

/variable/literal/yes/~L2//number/number/00402000/no/1/no///00000000/

ROUTINES:

/routine/finalize after run/yes/no/no/no//0/0/00403000/
/fragment/prolog/////00000000/00403000/558BEC/
/fragment/loop/////00000000/00403003//
/fragment/finalize/////00000000/00403003//
/fragment/epilog/////00000000/00403003/8BE55DC200000000/

/routine/initialize before run/yes/no/no/no//0/0/0040300C/
/fragment/prolog/////00000000/0040300C/558BEC/
/fragment/loop/////00000000/0040300F//
/fragment/finalize/////00000000/0040300F//
/fragment/epilog/////00000000/0040300F/8BE55DC200000000/

/routine/run/yes/no/no/no//0/24/00403018/
/variable/local/yes/box/box/box/box/FFFFFFF0/no/1/no////
/variable/local/yes/~I1//spot/spot/FFFFFFE8/no/1/no////
/fragment/prolog/////00000000/00403018/558BECB9060000006A004975FB/
/fragment/loop/////00000000/00403025//
/fragment/push address/~I1////00000000/00403025/8D95E8FFFFFF52/
/fragment/push address/box////00000000/0040302C/8D95F0FFFFFF52/
/fragment/call internal///put [box] 's center in/into/to [spot]//00000000/00403033/E820000000/
/fragment/push address/~I1////00000000/00403038/8D95E8FFFFFF52/
/fragment/call internal///move [spot]//00000000/0040303F/E808000000/
/fragment/finalize/////00000000/00403044//
/fragment/epilog/////00000000/00403044/8BE55DC200000000/

/routine/move [spot]/yes/no/no/no//4/0/0040304C/
/variable/parameter/no/spot/spot/spot/spot/00000008/no/1/no////
/fragment/prolog/////00000000/0040304C/558BEC/
/fragment/loop/////00000000/0040304F//
/fragment/finalize/////00000000/0040304F//
/fragment/epilog/////00000000/0040304F/8BE55DC204000000/

/routine/put [box] 's center in/into/to [spot]/yes/no/no/yes//8/0/00403058/
/variable/parameter/no/box/box/box/box/00000008/no/1/no////
/variable/parameter/no/spot/spot/spot/spot/0000000C/no/1/no////
/fragment/prolog/////00000000/00403058/558BEC/
/fragment/loop/////00000000/0040305B//
/fragment/finalize/////00000000/0040305B//
/fragment/epilog/////00000000/0040305B/8BE55DC208000000/

/routine/~initialize before run and run and finalize after run/yes/no/no/no//0/0/00403064/
/fragment/prolog/////00000000/00403064/558BEC/
/fragment/loop/////00000000/00403067//
/fragment/call internal///initialize before run//00000000/00403067/E8A0FFFFFF/
/fragment/call internal///run//00000000/0040306C/E8A7FFFFFF/
/fragment/call internal///finalize after run//00000000/00403071/E88AFFFFFF/
/fragment/push value/~L2////00000000/00403076/C7C200204000FF32/
/fragment/call external////ExitProcess/00000000/0040307E/FF1528104000/
/fragment/finalize/////00000000/00403084//
/fragment/epilog/////00000000/00403084/8BE55DC200000000/

TYPE INDEX:

/15 buckets/16 refers/

/bucket/
/refer/byte/

/bucket/
/refer/box/

/bucket/
/refer/numbers/

/bucket/
/refer/pair/

/bucket/
/refer/spot/

/bucket/
/refer/twip/

/bucket/
/refer/bytes/
/refer/boxes/

/bucket/
/refer/coord/

/bucket/
/refer/records/

/bucket/
/refer/pairs/

/bucket/
/refer/spots/

/bucket/
/refer/twips/

/bucket/
/refer/coords/

/bucket/
/refer/number/

/bucket/
/refer/record/

GLOBAL INDEX:

LITERAL INDEX:

ROUTINE INDEX:

/23 buckets/23 refers/

/bucket/
/refer/~initialize before run and.../

/bucket/
/refer/~initialize before run.../

/bucket/
/refer/~initialize before run and run.../

/bucket/
/refer/finalize.../

/bucket/
/refer/~initialize before run and run and finalize after run/

/bucket/
/refer/put [box] 's center in/into/to/

/bucket/
/refer/move [spot]/

/bucket/
/refer/initialize.../

/bucket/
/refer/initialize before.../

/bucket/
/refer/put.../

/bucket/
/refer/run/

/bucket/
/refer/finalize after.../

/bucket/
/refer/put [box] 's center.../

/bucket/
/refer/initialize before run/

/bucket/
/refer/put [box].../

/bucket/
/refer/~initialize before run and run and finalize.../

/bucket/
/refer/~initialize before.../

/bucket/
/refer/~initialize before run and run and finalize after.../

/bucket/
/refer/finalize after run/

/bucket/
/refer/~initialize.../

/bucket/
/refer/put [box] 's center in/into/to [spot]/

/bucket/
/refer/~initialize before run and run and.../

/bucket/
/refer/move.../

UTILITY INDEX:

IMPORTS:

/import/kernel32.dll/
/entry/ExitProcess/00401028/

SOURCE FILES:

/source file/c:\temp\testapp\j/
/source file/c:\temp\testapp\test3/

TIMERS:

/timer/loading/15/
/timer/scanning/0/
/timer/resolving types/0/
/timer/resolving globals/0/
/timer/compiling routine headers/0/
/timer/calculating/0/
/timer/adding built-in memory routines/0/
/timer/indexing utilities/0/
/timer/compiling routine bodies/0/
/timer/adding built-in startup routine/0/
/timer/offsetting/0/
/timer/addressing/0/
/timer/transmogrifying/0/
/timer/linking/0/
/timer/writing/32/
/timer/total/47/

