COMPILE ABORTED - LISTING INCOMPLETE

Error in about reading an image (3-17-2018). Esperaba por una definición pero todo lo que encontré fue 'Dear'.

TYPES:

/type/byte/bytes/00000001/byte/byte///0/

/type/record/records/00000000/record/record///0/

GLOBALS:

LITERALS:

ROUTINES:

TYPE INDEX:

/2 buckets/2 refers/

/bucket/
/refer/byte/

/bucket/
/refer/record/

GLOBAL INDEX:

LITERAL INDEX:

ROUTINE INDEX:

UTILITY INDEX:

IMPORTS:

SOURCE FILES:

/source file/o:\gerry rzeppa\old o'mails\about reading an image (3-17-2018)/
/source file/o:\gerry rzeppa\old o'mails\colores en español llano/
/source file/o:\gerry rzeppa\old o'mails\de gerry para pablo 0-04-2018 comandos de menú y teclas de método abreviado/
/source file/o:\gerry rzeppa\old o'mails\de gerry para pablo 05-04-2018 comandos de menú y teclas de método abreviado/
/source file/o:\gerry rzeppa\old o'mails\de gerry para pablo 05-04-2018 traducciones de mensajes de estado/
/source file/o:\gerry rzeppa\old o'mails\de gerry para pablo 06-04-2018 mensajes de error del compilador/
/source file/o:\gerry rzeppa\old o'mails\de gerry para pablo 08-04-2018 help!/
/source file/o:\gerry rzeppa\old o'mails\de gerry para pablo 08-04-2018 names/
/source file/o:\gerry rzeppa\old o'mails\de gerry para pablo 17-04-2018 byte names, key names, and color names/
/source file/o:\gerry rzeppa\old o'mails\de gerry para pablo 19-04-2018 colores y teclados/
/source file/o:\gerry rzeppa\old o'mails\de gerry para pablo 30-03-2018 en español llano - he llamado al experto/
/source file/o:\gerry rzeppa\old o'mails\de gerry para pablo 31-03-2018 adjectives/
/source file/o:\gerry rzeppa\old o'mails\de pablo para gerry 01-04-2018 ¡fantástico!/
/source file/o:\gerry rzeppa\old o'mails\de pablo para gerry 02-04-2018 traduciendo/
/source file/o:\gerry rzeppa\old o'mails\de pablo para gerry 04-04-2018 comandos de menú y teclas de método abreviado/
/source file/o:\gerry rzeppa\old o'mails\de pablo para gerry 04-04-2018 slowing down ha ha/
/source file/o:\gerry rzeppa\old o'mails\de pablo para gerry 05-04-2018 traducciones de mensajes de estado/
/source file/o:\gerry rzeppa\old o'mails\de pablo para gerry 06-04-2018 comandos de menú y teclas de método abreviado sal-1002/
/source file/o:\gerry rzeppa\old o'mails\de pablo para gerry 07-04-2018 mensajes de error del compilador before updating/
/source file/o:\gerry rzeppa\old o'mails\de pablo para gerry 08-04-2018/
/source file/o:\gerry rzeppa\old o'mails\de pablo para gerry 08-04-2018 help!/
/source file/o:\gerry rzeppa\old o'mails\de pablo para gerry 12-04-2018 status/
/source file/o:\gerry rzeppa\old o'mails\de pablo para gerry 17-04-2018 event record/
/source file/o:\gerry rzeppa\old o'mails\de pablo para gerry 17-04-2018 mensajes de error updated and simplified/
/source file/o:\gerry rzeppa\old o'mails\de pablo para gerry 18-04-2018 colores y teclados/
/source file/o:\gerry rzeppa\old o'mails\de pablo para gerry 30-03-2018 en español llano/
/source file/o:\gerry rzeppa\old o'mails\de pablo para gerry 31-03-2018 adjetivos/
/source file/o:\gerry rzeppa\old o'mails\de pablo para gerry 31-03-2018 respuesta rápida/
/source file/o:\gerry rzeppa\old o'mails\de pablo para gerry mi amigo 31-03-2018/
/source file/o:\gerry rzeppa\old o'mails\de pablo para sharon y chuckles 08-04-2018/
/source file/o:\gerry rzeppa\old o'mails\ej2-1/
/source file/o:\gerry rzeppa\old o'mails\ej2-1 - corrected with notes/
/source file/o:\gerry rzeppa\old o'mails\from dan to gerry 03-04-2018 (in reply to 'from gerry to dan 3-3-2018')/
/source file/o:\gerry rzeppa\old o'mails\from gerry to dan 03-05-2018 (in reply to 'from dan to gerry 3-4-2018')/
/source file/o:\gerry rzeppa\old o'mails\from gerry to pablo 03-04-2018/
/source file/o:\gerry rzeppa\old o'mails\from gerry to pablo 03-22-2018 extract nibble in a program/
/source file/o:\gerry rzeppa\old o'mails\from gerry to pablo 03-28-2018 automation (continued)/
/source file/o:\gerry rzeppa\old o'mails\from gerry to pablo 03-29-2018 plain spanish/
/source file/o:\gerry rzeppa\old o'mails\from pablo to gerry 03-15-2018/
/source file/o:\gerry rzeppa\old o'mails\from pablo to gerry 03-17-2018 about reading an image/
/source file/o:\gerry rzeppa\old o'mails\from pablo to gerry 03-21-2018 extract nibble in a program/
/source file/o:\gerry rzeppa\old o'mails\from pablo to gerry 03-23-2018 pablo's many jobs/
/source file/o:\gerry rzeppa\old o'mails\from pablo to gerry 03-24-2018 plainenglishing/
/source file/o:\gerry rzeppa\old o'mails\from pablo to gerry 03-25-2018 automation/
/source file/o:\gerry rzeppa\old o'mails\from pablo to gerry 03-25-2018 o'mail/
/source file/o:\gerry rzeppa\old o'mails\from pablo to gerry 03-27-2018 ladder basics/
/source file/o:\gerry rzeppa\old o'mails\from pablo to gerry 03-28-2018 automation (continued)/
/source file/o:\gerry rzeppa\old o'mails\gerry to pablo 03-30-2018 ¡plain spanish!/
/source file/o:\gerry rzeppa\old o'mails\how this is working/
/source file/o:\gerry rzeppa\old o'mails\letter vs a4 02-04-2018/
/source file/o:\gerry rzeppa\old o'mails\my second comments (pablo cayuela)/
/source file/o:\gerry rzeppa\old o'mails\pablo to gerry (03-25-2018) automation/
/source file/o:\gerry rzeppa\old o'mails\pablo to gerry 03-29-2018 plain spanish!/
/source file/o:\gerry rzeppa\old o'mails\pablo's talk/
/source file/o:\gerry rzeppa\old o'mails\partial ascii en español llano/
/source file/o:\gerry rzeppa\old o'mails\ps, ¡fantástico!/
/source file/o:\gerry rzeppa\old o'mails\quick answer to feasibility two/
/source file/o:\gerry rzeppa\old o'mails\spanish strings/
/source file/o:\gerry rzeppa\old o'mails\spanish strings - good like a snail/
/source file/o:\gerry rzeppa\old o'mails\spanish strings 2 all good now thanks/
/source file/o:\gerry rzeppa\old o'mails\sudoku solver/
/source file/o:\gerry rzeppa\old o'mails\teclado en español llano/
/source file/o:\gerry rzeppa\old o'mails\upper and lowercase in cal/

TIMERS:

/timer/loading/10641/
/timer/scanning/16/
/timer/resolving types/16/
/timer/resolving globals/46/
/timer/compiling routine headers/219/
/timer/calculating/16/
/timer/adding built-in memory routines/31/
/timer/indexing utilities/47/
/timer/compiling routine bodies/296/
/timer/adding built-in startup routine/16/
/timer/offsetting/0/
/timer/addressing/16/
/timer/transmogrifying/31/
/timer/linking/0/
/timer/writing/625/
/timer/total/10657/

